iwmap 4
"script_startingnumber" 0
"000_Global" flags  active
"The Map" flags expanded 
// entity 0
{
guid "{22260F59-8325-11E9-9DC0-C4E98418D705}"
"classname" "worldspawn"
"lightingquality" "1024"
"samplescale" "1"
"skyboxmodel" "skybox_default_day"
"ssi" "default_day"
"wsi" "default_day"
"fsi" "default"
"gravity" "800"
"lodbias" "default"
"lutmaterial" "luts_t7_default"
"numOmniShadowSlices" "24"
"numSpotShadowSlices" "64"
"sky_intensity_factor0" "1"
"sky_intensity_factor1" "1"
"state_alias_1" "State 1"
"state_alias_2" "State 2"
"state_alias_3" "State 3"
"state_alias_4" "State 4"
}
// entity 1
{
guid "{6725BE1A-7E2C-11E7-BEA9-0015833D0A57}"
"classname" "script_struct"
"angles" "0 270 0"
"origin" "0 0 10"
"script_noteworthy" "start_chest"
"targetname" "treasure_chest_use"
"zombie_cost" "5000"
"_color" "1 0 0"
}
// entity 2
{
guid "{6725BE17-7E2C-11E7-BEA9-0015833D0A57}"
"classname" "zbarrier_zmcore_magicbox"
"angles" "0 180 0"
"barrieranimtime" "0"
"origin" "0 0 10"
"script_noteworthy" "start_chest_zbarrier"
"showalternatemodel" "0"
"showupgradedmodel" "0"
"type" "zmcore_MagicBox"
"zbarrierboardanim1" "o_zombie_magic_box_fake_idle_twitch_a"
"zbarrierboardanim2" "o_zombie_magic_box_leave"
"zbarrierboardanim3" "o_zombie_magic_box_close"
"zbarrierboardanim4" "o_zombie_magic_box_teddy_rise"
"zbarrierboardanim5" "o_zombie_magic_box_teddy_rise"
"zbarrierboardmodel1" "p6_anim_zm_magic_box_fake"
"zbarrierboardmodel2" "p6_anim_zm_magic_box"
"zbarrierboardmodel3" "p6_anim_zm_magic_box"
"zbarrierboardmodel4" "tag_origin"
"zbarrierboardmodel5" "tag_origin"
"zbarriernumboards" "5"
"zbarriertearanim1" "o_zombie_magic_box_fake_idle_twitch_b"
"zbarriertearanim2" "o_zombie_magic_box_arrive"
"zbarriertearanim3" "o_zombie_magic_box_open"
"zbarriertearanim4" "o_zombie_magic_box_weapon_rise"
"zbarriertearanim5" "o_zombie_magic_box_weapon_dual_rise"
"_color" "0.3 0.3 1"
"zbarrierNumBoards" "5"
"zbarrierboardAnim1" "o_zombie_magic_box_fake_idle_twitch_a"
"zbarrierboardAnim2" "o_zombie_magic_box_leave"
"zbarrierboardAnim3" "o_zombie_magic_box_close"
"zbarrierboardAnim4" "o_zombie_magic_box_teddy_rise"
"zbarrierboardAnim5" "o_zombie_magic_box_teddy_rise"
"zbarrierboardModel1" "p7_zm_der_magic_box_fake"
"zbarrierboardModel2" "p7_zm_der_magic_box"
"zbarrierboardModel3" "p7_zm_der_magic_box"
"zbarrierboardModel4" "tag_origin"
"zbarrierboardModel5" "tag_origin"
"zbarriertearAnim1" "o_zombie_magic_box_fake_idle_twitch_b"
"zbarriertearAnim2" "o_zombie_magic_box_arrive"
"zbarriertearAnim3" "o_zombie_magic_box_open"
"zbarriertearAnim4" "o_zombie_magic_box_weapon_rise"
"zbarriertearAnim5" "o_zombie_magic_box_weapon_dual_rise"
}
// entity 3
{
guid "{ED64702A-7E2A-11E7-BEA9-0015833D0A57}"
"classname" "misc_prefab"
"angles" "0 180 0"
"model" "_prefabs/program115/mystery_boxes/box_stand.map"
}
